// Jest Snapshot v1, https://goo.gl/fbAQLP

exports[`doesn't resolve paths out of root dir: code 1`] = `
"local ____imports = {}
local ____exports = {}
____imports.module = require(\\"module\\")
local ____ = ____imports.module
return ____exports"
`;

exports[`doesn't resolve paths out of root dir: diagnostics 1`] = `"error TSTL: Could not resolve lua source files for require path '../module' in file main.ts."`;
